// Vitest Snapshot v1, https://vitest.dev/guide/snapshot.html

exports[`<Dashboard /> > renders snapshot 1`] = `
<DocumentFragment>
  <div
    class="grid grid-cols-1 md:grid-cols-2 gap-6"
  >
    <div
      class="space-y-6"
    >
      <div
        class="rounded-lg bg-white dark:bg-gray-800 shadow p-4 flex flex-col"
      >
        <div
          class="text-sm text-gray-500 dark:text-gray-400"
        >
          Current Week
        </div>
        <div
          class="text-2xl font-bold text-gray-900 dark:text-gray-100"
        >
          Week 3
        </div>
        <div
          class="mt-2 text-sm text-gray-500 dark:text-gray-400"
        >
          Phase
        </div>
        <div
          class="text-lg font-semibold text-blue-600 dark:text-blue-400"
        >
          Accumulation
        </div>
        <div
          class="mt-4 text-xs text-gray-400"
        >
          Days to Deload: 
          <span
            class="font-bold text-green-600 dark:text-green-400"
          >
            5
          </span>
        </div>
      </div>
      <div
        class="rounded-lg bg-white dark:bg-gray-800 shadow p-4 flex flex-col gap-3"
      >
        <button
          class="px-4 py-2 rounded bg-blue-600 text-white hover:bg-blue-700"
        >
          Start Todayâ€™s Workout
        </button>
        <button
          class="px-4 py-2 rounded bg-green-600 text-white hover:bg-green-700"
        >
          Log Quick Feedback
        </button>
        <button
          class="px-4 py-2 rounded bg-yellow-500 text-white hover:bg-yellow-600"
        >
          Adjust This Week
        </button>
        <button
          class="px-4 py-2 rounded bg-gray-200 text-gray-800 hover:bg-gray-300 dark:bg-gray-700 dark:text-gray-100 dark:hover:bg-gray-600"
        >
          Refresh
        </button>
      </div>
      <div
        class="rounded-lg bg-white dark:bg-gray-800 shadow p-4"
      >
        <div
          class="font-semibold mb-2 text-gray-900 dark:text-gray-100"
        >
          Upcoming Sessions
        </div>
        <ul
          class="text-sm text-gray-700 dark:text-gray-200"
        >
          <li
            class="mb-1 flex justify-between"
          >
            <span>
              Upper Body Power
            </span>
            <span
              class="text-xs text-gray-400"
            >
              2025-06-27
            </span>
          </li>
          <li
            class="mb-1 flex justify-between"
          >
            <span>
              Lower Body Hypertrophy
            </span>
            <span
              class="text-xs text-gray-400"
            >
              2025-06-29
            </span>
          </li>
          <li
            class="mb-1 flex justify-between"
          >
            <span>
              Full Body Recovery
            </span>
            <span
              class="text-xs text-gray-400"
            >
              2025-07-01
            </span>
          </li>
        </ul>
      </div>
    </div>
    <div
      class="space-y-6"
    >
      <div
        class="rounded-lg bg-white dark:bg-gray-800 shadow p-4"
      >
        <div
          class="font-semibold mb-2 text-gray-900 dark:text-gray-100"
        >
          Weekly Volume
        </div>
        <div
          class="recharts-responsive-container"
          style="width: 100%; height: 220px; min-width: 0;"
        />
      </div>
      <div
        class="rounded-lg bg-white dark:bg-gray-800 shadow p-4 flex flex-col items-center"
      >
        <div
          class="font-semibold mb-2 text-gray-900 dark:text-gray-100"
        >
          Systemic Fatigue
        </div>
        <div
          class="recharts-responsive-container"
          style="width: 120px; height: 120px; min-width: 0;"
        >
          <div
            class="recharts-wrapper"
            style="position: relative; cursor: default; width: 100%; height: 100%; max-height: 120px; max-width: 120px;"
          >
            <svg
              class="recharts-surface"
              cx="50%"
              cy="50%"
              height="120"
              style="width: 100%; height: 100%;"
              viewBox="0 0 120 120"
              width="120"
            >
              <title />
              <desc />
              <defs>
                <clippath
                  id="recharts2-clip"
                >
                  <rect
                    height="110"
                    width="110"
                    x="5"
                    y="5"
                  />
                </clippath>
              </defs>
              <g
                class="recharts-layer recharts-area"
              >
                <g
                  class="recharts-layer recharts-radial-bar-background"
                >
                  <path
                    class="recharts-sector recharts-radial-bar-background-sector"
                    cx="60"
                    cy="60"
                    d="M 60,15.100000000000001
    A 44.9,44.9,0,
    1,1,
    59.9992163471659,15.100000006838663
  L 59.99944323996864,28.10000000485865
            A 31.9,31.9,0,
            1,0,
            60,28.1 Z"
                    fill="#eee"
                    name="Fatigue"
                    role="img"
                  />
                </g>
                <g
                  class="recharts-layer recharts-radial-bar-sectors"
                >
                  <g
                    class="recharts-layer"
                  />
                </g>
              </g>
            </svg>
          </div>
        </div>
        <div
          class="mt-2 text-lg font-bold text-yellow-500"
        >
          65%
        </div>
        <div
          class="mt-4 w-full"
        >
          <div
            class="text-sm font-semibold text-gray-700 dark:text-gray-200 mb-1"
          >
            Per-Muscle Recovery
          </div>
          <ul
            class="text-xs text-gray-600 dark:text-gray-300"
          >
            <li>
              chest: Working
            </li>
            <li>
              back: Working
            </li>
          </ul>
        </div>
      </div>
    </div>
  </div>
</DocumentFragment>
`;
